=== --sync-content --live ===

Store     0cz13u-ch.myshopify.com
Shop      ChainandBracelet (0cz13u-ch.myshopify.com) — connected
Products  reading your store…Products  101 already in the store            
Render    /Users/ankitagupta/Google Drive/My Drive/Asimi/C&B/Render + ./_test-renders — 48 items, 766 files
          + 53 product(s) with copy but no render folder (managed, nothing to upload)
Sheet     ./packing-list.csv — 22 items parsed
Prices    ./price-list.csv — 115 items in USD
Video     included
Mode      LIVE

✓ BR24435      description only     Multi-Gemstone Station Bracelet in Gold

1 updated, 100 already fine (use --force to rewrite).

exit=0

=== --sync-prices --force --live ===

Store     0cz13u-ch.myshopify.com
Shop      ChainandBracelet (0cz13u-ch.myshopify.com) — connected
Products  reading your store…Products  101 already in the store            
Render    /Users/ankitagupta/Google Drive/My Drive/Asimi/C&B/Render + ./_test-renders — 48 items, 766 files
          + 53 product(s) with copy but no render folder (managed, nothing to upload)
Sheet     ./packing-list.csv — 22 items parsed
Prices    ./price-list.csv — 115 items in USD
Video     included
Mode      LIVE

✓ AJLB20       30 variant price(s) set
✓ AJLB26       30 variant price(s) set
✓ AJLB51       30 variant price(s) set
✓ AJLB52       30 variant price(s) set
✓ AJLB53       30 variant price(s) set
✓ AJLB54       30 variant price(s) set
✓ AJLB68       30 variant price(s) set
✓ AJLB110      30 variant price(s) set
✓ AJLB118      30 variant price(s) set
✓ AJLB130      30 variant price(s) set
✓ AJLB143      30 variant price(s) set
✓ AJLB144      30 variant price(s) set
✓ AJLB152      30 variant price(s) set
✓ AJLB157      30 variant price(s) set
✓ AJLB160      30 variant price(s) set
✓ AJLB161      30 variant price(s) set
✓ AJLB167      30 variant price(s) set
✓ AJLB185      21 variant price(s) set
✓ AJLB187      30 variant price(s) set
✓ AJLB200      30 variant price(s) set
✓ AJLB206      30 variant price(s) set
✓ AJLB220      30 variant price(s) set
✓ AJLB221      30 variant price(s) set
✓ AJLB222      30 variant price(s) set
✓ AJLB223      30 variant price(s) set
✓ AJLB228      30 variant price(s) set
✓ AJLB236      30 variant price(s) set
? AJNT26       couldn't match 15 variant(s) to a material
               first variant: sku=(none)  options: Jewelry material=White gold | Length=16 in
✓ AJNT27       40 variant price(s) set
✓ AJNT37       40 variant price(s) set
✓ AJNT46       40 variant price(s) set
✓ AJNT59       40 variant price(s) set
✓ AJNT60       40 variant price(s) set
✓ AJNT61       40 variant price(s) set
✓ AJNT62       40 variant price(s) set
✓ AJNT63       40 variant price(s) set
✓ AJNT64       40 variant price(s) set
✓ AJNT65       40 variant price(s) set
✓ AJNT68       40 variant price(s) set
✓ AJPD78       40 variant price(s) set
✓ AJPD201      40 variant price(s) set
✓ AJPD202      40 variant price(s) set
✓ AJPD203      40 variant price(s) set
✓ AJPD236      40 variant price(s) set
✓ AJPD243      40 variant price(s) set
✓ AJPD262      40 variant price(s) set
✓ AJPD263      40 variant price(s) set
✓ AJPD278      40 variant price(s) set
✓ AJPD279      40 variant price(s) set
✓ AJPD294      40 variant price(s) set
✓ AJPD295      40 variant price(s) set
✓ AJPD301      40 variant price(s) set

51 products repriced, 48 already correct.
No price anywhere for: AJLB96, BR24435

exit=0

=== --sync-lengths --force --live ===

✖ Error: Could not exchange client credentials for a token (HTTP 503). Check the app is installed on 0cz13u-ch.myshopify.com and the id/secret are right.
<!--
  The source of truth for this generic error page is https://github.com/Shopify/error-pages.
  Please do not edit this file directly.
-->
<!DOCTYPE html>
<html lang="en">
  <head>
    <meta charset="utf-8">
    <meta name="referrer" content="never">
    <meta name="viewport" content="width=devi
    at ensureToken (file:///Users/ankitagupta/Development/shopify-bulk-add/import.js:141:11)
    at process.processTicksAndRejections (node:internal/process/task_queues:104:5)
    at async main (file:///Users/ankitagupta/Development/shopify-bulk-add/import.js:1443:3)

exit=1

=== --sync-variants --only AJNT26,AJLB185 --live ===

Store     0cz13u-ch.myshopify.com
Shop      ChainandBracelet (0cz13u-ch.myshopify.com) — connected
Products  reading your store…Products  101 already in the store            
Render    /Users/ankitagupta/Google Drive/My Drive/Asimi/C&B/Render + ./_test-renders — 48 items, 766 files
          + 53 product(s) with copy but no render folder (managed, nothing to upload)
Sheet     ./packing-list.csv — 22 items parsed
Prices    ./price-list.csv — 115 items in USD
Video     included
Mode      LIVE


exit=0

=== --sync-skus --live ===

Store     0cz13u-ch.myshopify.com
Shop      ChainandBracelet (0cz13u-ch.myshopify.com) — connected
Products  reading your store…Products  101 already in the store            
Render    /Users/ankitagupta/Google Drive/My Drive/Asimi/C&B/Render + ./_test-renders — 48 items, 766 files
          + 53 product(s) with copy but no render folder (managed, nothing to upload)
Sheet     ./packing-list.csv — 22 items parsed
Prices    ./price-list.csv — 115 items in USD
Video     included
Mode      LIVE

  AJER666     10 SKU(s)  e.g. AJER666-S925-W
✓ AJER666     10 SKU(s) set
  AJLR389     1 SKU(s)  e.g. AJLR389-S925-W
✓ AJLR389     1 SKU(s) set
⚠ AJNT26      15 variant(s) have a metal not in config — no SKU built

11 SKU(s)  set, 2709 already correct, 950 left alone (already had one — use --force to overwrite).

exit=0

=== --publish --live ===

Store     0cz13u-ch.myshopify.com
Shop      ChainandBracelet (0cz13u-ch.myshopify.com) — connected
Products  reading your store…Products  101 already in the store            
Render    /Users/ankitagupta/Google Drive/My Drive/Asimi/C&B/Render + ./_test-renders — 48 items, 766 files
          + 53 product(s) with copy but no render folder (managed, nothing to upload)
Sheet     ./packing-list.csv — 22 items parsed
Prices    ./price-list.csv — 115 items in USD
Video     included
Mode      LIVE

99 ready to publish, 2 not.

  Multi-Gemstone Station Bracelet in Gold        no description
  Round Brilliant Lab-Grown Diamond Pavé Bangle  price at 0

Ready: 5 to set Active, 99 to put on the Online Store.
  11.20 CTW Emerald Cut Lab Grown Diamond Tennis Brace publish
  Aveline 23ct Round Brilliant Diamond Tennis Necklace publish
  Double-Row Round Brilliant Lab-Grown Diamond Tennis  publish
  Round Brilliant Lab-Grown Diamond Tennis Necklace    publish
  Alternating Pear Lab-Grown Diamond Tennis Bracelet   publish
  Aurelia 1ct Oval Bezel-Set Lab-Grown Diamond Chain B publish
  Seraphine 1ct Pear Bezel-Set Lab-Grown Diamond Chain publish
  Valenne 6ct Baguette & Round Lab-Grown Diamond Tenni publish
  Elara 1ct Emerald Bezel-Set Lab-Grown Diamond Chain  publish
  Célestine 18ct Mixed-Shape Lab-Grown Diamond Tennis  publish
  Élodie 1ct Marquise Bezel-Set Lab-Grown Diamond Chai publish
  Aveline 15ct Seven-Shape Lab-Grown Diamond Tennis Br publish
  Solenne 19.5ct Emerald-Cut Lab-Grown Diamond Tennis  publish
  Amarante 10ct Pear-Cut Lab-Grown Diamond Tennis Brac publish
  Aurelia 1ct Round Lab-Grown Diamond Cuban Bracelet   publish
  Valleria 6ct Oval Lab-Grown Diamond Tennis Bracelet  publish
  Mariposa 14ct Pear & Marquise-Cut Lab-Grown Diamond  publish
  Evangeline 15.34ct Graduated Pear-Cut Lab-Grown Diam publish
  Solara 2.09ct Round Lab-Grown Diamond Station Pendan publish
  2.09 CTW Heart Shape Lab Grown Diamond Pendant Neckl publish
  Aveline 15ct Marquise-Cu Lab-Grown Diamond Tennis Ne publish
  Aveline 2.36ct Oval Lab Diamond Pendant Necklace     publish
  Emerald Cut Lab Grown Diamond Huggie Hoop Earrings   publish
  3 CTW Round Brilliant Lab-Grown Diamond Stud Earring publish
  3 CTW Princess Cut Lab-Grown Diamond Stud Earrings   publish
  3 CTW Marquise Cut Lab-Grown Diamond Stud Earrings   publish
  Heart Cut Lab-Grown Diamond Halo Stud Earrings       publish
  4 CTW Pear & Emerald Cut Lab-Grown Diamond Toi et Mo publish
  Asscher Cut Lab-Grown Diamond Stud Earrings          publish
  Pavé Lab-Grown Diamond Huggie Hoop Earrings          publish
  Round Brilliant Lab-Grown Diamond Solitaire Huggie H publish
  Pear Cut Lab-Grown Diamond Two-Stone Stud Earrings   publish
  2 CTW Marquise Cut Lab-Grown Diamond Station Necklac publish
  2 CTW Oval Cut Lab-Grown Diamond Solitaire Engagemen publish
  1.94 CTW Pear Cut Lab-Grown Diamond Cluster Engageme publish
  2.3 CTW Round Brilliant Lab-Grown Diamond Full Etern publish
  2.27 CTW Cushion Cut Lab-Grown Diamond Twist Engagem publish
  2.29 CTW Pear Cut Lab-Grown Diamond Twist Engagement publish
  Twisted Rope Lab-Grown Diamond Band Ring             publish
  2.2 CTW Heart Cut Lab-Grown Diamond Three Stone Enga publish
  2.09 CTW Asscher Cut Lab-Grown Diamond Twist Engagem publish
  3.27 CTW Emerald Cut Lab-Grown Diamond Pavé Engageme publish
  Round Brilliant Lab-Grown Diamond Adjustable Bolo Br publish
  4 CTW Round Brilliant Lab-Grown Diamond Tennis Brace publish
  2 CTW Round Brilliant Lab-Grown Diamond Tennis Brace publish
  Emerald Cut Lab-Grown Diamond Cuban Link Bracelet    publish
  0.75 CTW Oval Cut Lab-Grown Diamond Cuban Link Brace publish
  0.75 CTW Marquise Cut Lab-Grown Diamond Cuban Link B publish
  Marquise Cut Lab-Grown Diamond Three Stone Engagemen publish
  0.5 CTW Round Brilliant Lab-Grown Diamond Infinity P publish
  1 CTW Emerald & Pear Cut Lab-Grown Diamond Toi et Mo publish
  2 CTW Pear & Radiant Cut Lab-Grown Diamond Toi et Mo publish
  5.46 CTW Emerald Cut Lab-Grown Diamond Pendant Neckl publish
  1 CTW Asscher Cut Lab-Grown Diamond Solitaire Pendan publish
  1.27 CTW Round Brilliant Lab-Grown Diamond Three Sto publish
  Round Brilliant Lab-Grown Diamond Milgrain Wave Band publish
  2.25 CTW Cushion Cut Lab-Grown Diamond Halo Engageme publish
  2.52 CTW Pear Cut Lab-Grown Diamond Solitaire Engage publish
  1.12 CTW Round Brilliant Lab-Grown Diamond Double Ro publish
  2 CTW Asscher Cut Lab-Grown Diamond Solitaire Neckla publish
  1.16 CTW Oval Cut Lab-Grown Diamond Halo Pendant Nec publish
  2 CTW Emerald Cut Lab-Grown Diamond Solitaire Pendan publish
  2.16 CTW Emerald Cut Lab-Grown Diamond Two Stone Pen publish
  7.62 CTW Round & Emerald Cut Lab-Grown Diamond Toi e publish
  1.11 CTW Oval Cut Lab-Grown Diamond Cross Pendant Ne publish
  1.35 CTW Emerald Cut Lab-Grown Diamond Halo Pendant  publish
  1.41 CTW Oval Cut Lab-Grown Diamond Halo Pendant Nec publish
  2 CTW Pear & Emerald Cut Lab-Grown Diamond Toi et Mo publish
  1.16 CTW Emerald Cut Lab-Grown Diamond Halo Pendant  publish
  1.17 CTW Heart Cut Lab-Grown Diamond Halo Pendant Ne publish
  1.2 CTW Marquise Cut Lab-Grown Diamond Halo Pendant  publish
  Oval Cut Lab-Grown Diamond Station Necklace          publish
  Emerald Cut Lab-Grown Diamond Station Necklace       publish
  Round Brilliant Lab-Grown Diamond Bezel Solitaire Ne publish
  0.5 CTW Round Brilliant Lab-Grown Diamond Bezel Pend publish
  1.19 CTW Pear Cut Lab-Grown Diamond Halo Pendant Nec publish
  1.17 CTW Round Brilliant Lab-Grown Diamond Halo Pend publish
  Engraved Initial Tag Pendant Necklace                publish
  Initial & Round Brilliant Lab-Grown Diamond Station  activate + publish
  Oval, Emerald & Pear Cut Lab-Grown Diamond Cluster N publish
  Multi-Cut Lab-Grown Diamond Bar Necklace             publish
  1.43 CTW Marquise Cut Lab-Grown Diamond Halo Station publish
  Pear Cut Lab-Grown Diamond Graduated Smile Necklace  publish
  Heart Cut Lab-Grown Diamond Clover Pendant Necklace  publish
  Pear Cut Green Gemstone & Lab-Grown Diamond Toi et M publish
  Pear Cut Lab-Grown Diamond Key Pendant Necklace      publish
  Marquise Cut Blue Gemstone Evil Eye Heart Pendant Ne activate + publish
  Round Brilliant Lab-Grown Diamond Cross Pendant Neck publish
  Round Brilliant Lab-Grown Diamond Solitaire Pendant  publish
  Marquise Cut Lab-Grown Diamond Bezel Pendant Necklac publish
  Pear & Round Cut Lab-Grown Diamond Cross Pendant Nec publish
  Pear Cut Lab-Grown Diamond Star Pendant Necklace     publish
  9 CTW Marquise Cut Lab-Grown Diamond Bezel Tennis Br publish
  Round Brilliant Lab-Grown Diamond Station Bracelet   publish
  1.07 CTW Round Brilliant Lab-Grown Diamond Micro Pav publish
  7.4 CTW Mixed Cut Lab-Grown Diamond Tennis Bracelet  publish
  Pink & White Lab-Grown Diamond Flower Station Bracel activate + publish
  Blue & White Lab-Grown Diamond Tennis Bracelet       activate + publish
  Round Brilliant Lab-Grown Diamond Solitaire Chain Br activate + publish
✓ 11.20 CTW Emerald Cut Lab Grown Diamond Tennis Bracelet
✓ Aveline 23ct Round Brilliant Diamond Tennis Necklace
✓ Double-Row Round Brilliant Lab-Grown Diamond Tennis Bracelet
✓ Round Brilliant Lab-Grown Diamond Tennis Necklace
✓ Alternating Pear Lab-Grown Diamond Tennis Bracelet
✓ Aurelia 1ct Oval Bezel-Set Lab-Grown Diamond Chain Bracelet
✓ Seraphine 1ct Pear Bezel-Set Lab-Grown Diamond Chain Bracele
✓ Valenne 6ct Baguette & Round Lab-Grown Diamond Tennis Bracel
✓ Elara 1ct Emerald Bezel-Set Lab-Grown Diamond Chain Bracelet
✓ Célestine 18ct Mixed-Shape Lab-Grown Diamond Tennis Bracelet
✓ Élodie 1ct Marquise Bezel-Set Lab-Grown Diamond Chain Bracel
✓ Aveline 15ct Seven-Shape Lab-Grown Diamond Tennis Bracelet
✓ Solenne 19.5ct Emerald-Cut Lab-Grown Diamond Tennis Bracelet
✓ Amarante 10ct Pear-Cut Lab-Grown Diamond Tennis Bracelet
✓ Aurelia 1ct Round Lab-Grown Diamond Cuban Bracelet
✓ Valleria 6ct Oval Lab-Grown Diamond Tennis Bracelet
✓ Mariposa 14ct Pear & Marquise-Cut Lab-Grown Diamond Butterfl
✓ Evangeline 15.34ct Graduated Pear-Cut Lab-Grown Diamond Drop
✓ Solara 2.09ct Round Lab-Grown Diamond Station Pendant Neckla
✓ 2.09 CTW Heart Shape Lab Grown Diamond Pendant Necklace
✓ Aveline 15ct Marquise-Cu Lab-Grown Diamond Tennis Necklace
✓ Aveline 2.36ct Oval Lab Diamond Pendant Necklace
✓ Emerald Cut Lab Grown Diamond Huggie Hoop Earrings
✓ 3 CTW Round Brilliant Lab-Grown Diamond Stud Earrings
✓ 3 CTW Princess Cut Lab-Grown Diamond Stud Earrings
✓ 3 CTW Marquise Cut Lab-Grown Diamond Stud Earrings
✓ Heart Cut Lab-Grown Diamond Halo Stud Earrings
✓ 4 CTW Pear & Emerald Cut Lab-Grown Diamond Toi et Moi Stud E
✓ Asscher Cut Lab-Grown Diamond Stud Earrings
✓ Pavé Lab-Grown Diamond Huggie Hoop Earrings
✓ Round Brilliant Lab-Grown Diamond Solitaire Huggie Hoop Earr
✓ Pear Cut Lab-Grown Diamond Two-Stone Stud Earrings
✓ 2 CTW Marquise Cut Lab-Grown Diamond Station Necklace
✓ 2 CTW Oval Cut Lab-Grown Diamond Solitaire Engagement Ring
✓ 1.94 CTW Pear Cut Lab-Grown Diamond Cluster Engagement Ring
✓ 2.3 CTW Round Brilliant Lab-Grown Diamond Full Eternity Ring
✓ 2.27 CTW Cushion Cut Lab-Grown Diamond Twist Engagement Ring
✓ 2.29 CTW Pear Cut Lab-Grown Diamond Twist Engagement Ring
✓ Twisted Rope Lab-Grown Diamond Band Ring
✓ 2.2 CTW Heart Cut Lab-Grown Diamond Three Stone Engagement R
✓ 2.09 CTW Asscher Cut Lab-Grown Diamond Twist Engagement Ring
✓ 3.27 CTW Emerald Cut Lab-Grown Diamond Pavé Engagement Ring
✓ Round Brilliant Lab-Grown Diamond Adjustable Bolo Bracelet
✓ 4 CTW Round Brilliant Lab-Grown Diamond Tennis Bracelet
✓ 2 CTW Round Brilliant Lab-Grown Diamond Tennis Bracelet
✓ Emerald Cut Lab-Grown Diamond Cuban Link Bracelet
✓ 0.75 CTW Oval Cut Lab-Grown Diamond Cuban Link Bracelet
✓ 0.75 CTW Marquise Cut Lab-Grown Diamond Cuban Link Bracelet
✓ Marquise Cut Lab-Grown Diamond Three Stone Engagement Ring
✓ 0.5 CTW Round Brilliant Lab-Grown Diamond Infinity Pendant N
✓ 1 CTW Emerald & Pear Cut Lab-Grown Diamond Toi et Moi Pendan
✓ 2 CTW Pear & Radiant Cut Lab-Grown Diamond Toi et Moi Pendan
✓ 5.46 CTW Emerald Cut Lab-Grown Diamond Pendant Necklace
✓ 1 CTW Asscher Cut Lab-Grown Diamond Solitaire Pendant Neckla
✓ 1.27 CTW Round Brilliant Lab-Grown Diamond Three Stone Engag
✓ Round Brilliant Lab-Grown Diamond Milgrain Wave Band Ring
✓ 2.25 CTW Cushion Cut Lab-Grown Diamond Halo Engagement Ring
✓ 2.52 CTW Pear Cut Lab-Grown Diamond Solitaire Engagement Rin
✓ 1.12 CTW Round Brilliant Lab-Grown Diamond Double Row Band R
✓ 2 CTW Asscher Cut Lab-Grown Diamond Solitaire Necklace
✓ 1.16 CTW Oval Cut Lab-Grown Diamond Halo Pendant Necklace
✓ 2 CTW Emerald Cut Lab-Grown Diamond Solitaire Pendant Neckla
✓ 2.16 CTW Emerald Cut Lab-Grown Diamond Two Stone Pendant Nec
✓ 7.62 CTW Round & Emerald Cut Lab-Grown Diamond Toi et Moi Pe
✓ 1.11 CTW Oval Cut Lab-Grown Diamond Cross Pendant Necklace
✓ 1.35 CTW Emerald Cut Lab-Grown Diamond Halo Pendant Necklace
✓ 1.41 CTW Oval Cut Lab-Grown Diamond Halo Pendant Necklace
✓ 2 CTW Pear & Emerald Cut Lab-Grown Diamond Toi et Moi Pendan
✓ 1.16 CTW Emerald Cut Lab-Grown Diamond Halo Pendant Necklace
✓ 1.17 CTW Heart Cut Lab-Grown Diamond Halo Pendant Necklace
✓ 1.2 CTW Marquise Cut Lab-Grown Diamond Halo Pendant Necklace
✓ Oval Cut Lab-Grown Diamond Station Necklace
✓ Emerald Cut Lab-Grown Diamond Station Necklace
✓ Round Brilliant Lab-Grown Diamond Bezel Solitaire Necklace
✓ 0.5 CTW Round Brilliant Lab-Grown Diamond Bezel Pendant Neck
✓ 1.19 CTW Pear Cut Lab-Grown Diamond Halo Pendant Necklace
✓ 1.17 CTW Round Brilliant Lab-Grown Diamond Halo Pendant Neck
✓ Engraved Initial Tag Pendant Necklace
✓ Initial & Round Brilliant Lab-Grown Diamond Station Necklace
✓ Oval, Emerald & Pear Cut Lab-Grown Diamond Cluster Necklace
✓ Multi-Cut Lab-Grown Diamond Bar Necklace
✓ 1.43 CTW Marquise Cut Lab-Grown Diamond Halo Station Necklac
✓ Pear Cut Lab-Grown Diamond Graduated Smile Necklace
✓ Heart Cut Lab-Grown Diamond Clover Pendant Necklace
✓ Pear Cut Green Gemstone & Lab-Grown Diamond Toi et Moi Neckl
✓ Pear Cut Lab-Grown Diamond Key Pendant Necklace
✓ Marquise Cut Blue Gemstone Evil Eye Heart Pendant Necklace
✓ Round Brilliant Lab-Grown Diamond Cross Pendant Necklace
✓ Round Brilliant Lab-Grown Diamond Solitaire Pendant Necklace
✓ Marquise Cut Lab-Grown Diamond Bezel Pendant Necklace
✓ Pear & Round Cut Lab-Grown Diamond Cross Pendant Necklace
✓ Pear Cut Lab-Grown Diamond Star Pendant Necklace
✓ 9 CTW Marquise Cut Lab-Grown Diamond Bezel Tennis Bracelet
✓ Round Brilliant Lab-Grown Diamond Station Bracelet
✓ 1.07 CTW Round Brilliant Lab-Grown Diamond Micro Pavé Tennis
✓ 7.4 CTW Mixed Cut Lab-Grown Diamond Tennis Bracelet
✓ Pink & White Lab-Grown Diamond Flower Station Bracelet
✓ Blue & White Lab-Grown Diamond Tennis Bracelet
✓ Round Brilliant Lab-Grown Diamond Solitaire Chain Bracelet

99 published to Online Store.

exit=0

=== --verify ===

Store     0cz13u-ch.myshopify.com
Shop      ChainandBracelet (0cz13u-ch.myshopify.com) — connected
Products  reading your store…Products  101 already in the store            
Render    /Users/ankitagupta/Google Drive/My Drive/Asimi/C&B/Render + ./_test-renders — 48 items, 766 files
          + 53 product(s) with copy but no render folder (managed, nothing to upload)
Sheet     ./packing-list.csv — 22 items parsed
Prices    ./price-list.csv — 115 items in USD
Video     included
Mode      DRY RUN — nothing will be created

Checked 101 product(s) against Drive, price-list.csv and product-content.json.

  ✓ 18 with nothing wrong
  ✖ 83 with something to fix

── BY PROBLEM ──

   46  title differs from product-content.json
       AJER723 AJER759 AJER772 AJER778 AJER826 AJER827 AJLB20 AJLB26 AJLB51 AJLB52 …+36
   46  N wrong price — N Sterling Silver N in
       AJNT27 AJNT37 AJNT46 AJNT59 AJNT60 AJNT61 AJNT62 AJNT63 AJNT64 AJNT65 …+36
   27  N wrong price — N Sterling Silver N.N in
       AJLB20 AJLB26 AJLB51 AJLB52 AJLB53 AJLB54 AJLB68 AJLB110 AJLB118 AJLB130 …+17
    9  no spec list
       AJER772 AJLB143 AJLB144 AJLB220 AJLB228 AJLR274 AJPD262 AJPD295 BR24435
    2  no price in price-list.csv
       AJLB96 BR24435
    2  old "Diamond Details" section still present
       AJLB143 AJLB144
    2  N variant(s) missing
       AJLB185 AJNT26
    1  status DRAFT
       BR24435
    1  not on the Online Store
       BR24435

── BY PRODUCT ──

  AJER723     Heart Cut Lab-Grown Diamond Halo Stud Earrings
       title differs from product-content.json
  AJER759     Asscher Cut Lab-Grown Diamond Stud Earrings
       title differs from product-content.json
  AJER772     Pavé Lab-Grown Diamond Huggie Hoop Earrings
       title differs from product-content.json
       no spec list
  AJER778     Emerald Cut Lab Grown Diamond Huggie Hoop Earr
       title differs from product-content.json
  AJER826     Round Brilliant Lab-Grown Diamond Solitaire Hu
       title differs from product-content.json
  AJER827     Pear Cut Lab-Grown Diamond Two-Stone Stud Earr
       title differs from product-content.json
  AJLB20      Double-Row Round Brilliant Lab-Grown Diamond T
       30 wrong price — 925 Sterling Silver 6.5 in: 594.61 want 582.11
       title differs from product-content.json
  AJLB26      Alternating Pear Lab-Grown Diamond Tennis Brac
       30 wrong price — 925 Sterling Silver 6.5 in: 1847.29 want 1834.79
       title differs from product-content.json
  AJLB51      Aurelia 1ct Oval Bezel-Set Lab-Grown Diamond C
       30 wrong price — 925 Sterling Silver 6.5 in: 107.84 want 95.34
       title differs from product-content.json
  AJLB52      Seraphine 1ct Pear Bezel-Set Lab-Grown Diamond
       30 wrong price — 925 Sterling Silver 6.5 in: 106.52 want 94.02
       title differs from product-content.json
  AJLB53      Élodie 1ct Marquise Bezel-Set Lab-Grown Diamon
       30 wrong price — 925 Sterling Silver 6.5 in: 123.2 want 110.70
       title differs from product-content.json
  AJLB54      Elara 1ct Emerald Bezel-Set Lab-Grown Diamond 
       30 wrong price — 925 Sterling Silver 6.5 in: 106.52 want 94.02
       title differs from product-content.json
  AJLB68      9 CTW Marquise Cut Lab-Grown Diamond Bezel Ten
       30 wrong price — 925 Sterling Silver 6.5 in: 1978.07 want 1965.57
  AJLB96      Round Brilliant Lab-Grown Diamond Pavé Bangle 
       no price in price-list.csv
  AJLB110     Round Brilliant Lab-Grown Diamond Station Brac
       30 wrong price — 925 Sterling Silver 6.5 in: 678.57 want 666.07
  AJLB118     Round Brilliant Lab-Grown Diamond Adjustable B
       30 wrong price — 925 Sterling Silver 6.5 in: 536.97 want 524.47
       title differs from product-content.json
  AJLB130     Valenne 6ct Baguette & Round Lab-Grown Diamond
       30 wrong price — 925 Sterling Silver 6.5 in: 531.49 want 518.99
       title differs from product-content.json
  AJLB143     Célestine 18ct Mixed-Shape Lab-Grown Diamond T
       30 wrong price — 925 Sterling Silver 6.5 in: 2012.02 want 1999.52
       title differs from product-content.json
       no spec list
       old "Diamond Details" section still present
  AJLB144     Aveline 15ct Seven-Shape Lab-Grown Diamond Ten
       30 wrong price — 925 Sterling Silver 6.5 in: 1324.66 want 1312.16
       title differs from product-content.json
       no spec list
       old "Diamond Details" section still present
  AJLB152     Solenne 19.5ct Emerald-Cut Lab-Grown Diamond T
       30 wrong price — 925 Sterling Silver 6.5 in: 1756.55 want 1744.05
       title differs from product-content.json
  AJLB157     Amarante 10ct Pear-Cut Lab-Grown Diamond Tenni
       30 wrong price — 925 Sterling Silver 6.5 in: 924.55 want 912.05
       title differs from product-content.json
  AJLB160     Aurelia 1ct Round Lab-Grown Diamond Cuban Brac
       30 wrong price — 925 Sterling Silver 6.5 in: 242.1 want 229.60
       title differs from product-content.json
  AJLB161     Valleria 6ct Oval Lab-Grown Diamond Tennis Bra
       30 wrong price — 925 Sterling Silver 6.5 in: 578.8 want 566.30
       title differs from product-content.json
  AJLB167     11.20 CTW Emerald Cut Lab Grown Diamond Tennis
       30 wrong price — 925 Sterling Silver 6.5 in: 1037.8 want 1025.30
       title differs from product-content.json
  AJLB185     1.07 CTW Round Brilliant Lab-Grown Diamond Mic
       12 variant(s) missing: 10k Rose Gold 6.5 in, 10k Rose Gold 7 in, 10k Rose Gold 7.5 in…
       21 wrong price — 925 Sterling Silver 6.5 in: 407.89 want 395.39
  AJLB187     7.4 CTW Mixed Cut Lab-Grown Diamond Tennis Bra
       30 wrong price — 925 Sterling Silver 6.5 in: 1687.34 want 1674.84
  AJLB200     4 CTW Round Brilliant Lab-Grown Diamond Tennis
       30 wrong price — 925 Sterling Silver 6.5 in: 678.57 want 666.07
  AJLB206     2 CTW Round Brilliant Lab-Grown Diamond Tennis
       30 wrong price — 925 Sterling Silver 6.5 in: 469.3 want 456.80
  AJLB220     Pink & White Lab-Grown Diamond Flower Station 
       30 wrong price — 925 Sterling Silver 6.5 in: 382.83 want 370.33
       no spec list
  AJLB221     Emerald Cut Lab-Grown Diamond Cuban Link Brace
       30 wrong price — 925 Sterling Silver 6.5 in: 394.11 want 381.61
       title differs from product-content.json
  AJLB222     0.75 CTW Oval Cut Lab-Grown Diamond Cuban Link
       30 wrong price — 925 Sterling Silver 6.5 in: 411.65 want 399.15
  AJLB223     0.75 CTW Marquise Cut Lab-Grown Diamond Cuban 
       30 wrong price — 925 Sterling Silver 6.5 in: 417.92 want 405.42
  AJLB228     Blue & White Lab-Grown Diamond Tennis Bracelet
       30 wrong price — 925 Sterling Silver 6.5 in: 1851.5 want 1839.00
       no spec list
  AJLB236     Round Brilliant Lab-Grown Diamond Solitaire Ch
       30 wrong price — 925 Sterling Silver 6.5 in: 588.35 want 575.85
  AJLR274     Twisted Rope Lab-Grown Diamond Band Ring
       no spec list
  AJNT26      Round Brilliant Lab-Grown Diamond Tennis Neckl
       50 variant(s) missing: 925 Sterling Silver 16 in, 925 Sterling Silver 17 in, 925 Sterling Silver 18 in…
       title differs from product-content.json
  AJNT27      Mariposa 14ct Pear & Marquise-Cut Lab-Grown Di
       40 wrong price — 925 Sterling Silver 16 in: 1418.4 want 1368.40
       title differs from product-content.json
  AJNT37      Aveline 23ct Round Brilliant Diamond Tennis Ne
       40 wrong price — 925 Sterling Silver 16 in: 1454.93 want 1404.93
       title differs from product-content.json
  AJNT46      Evangeline 15.34ct Graduated Pear-Cut Lab-Grow
       40 wrong price — 925 Sterling Silver 16 in: 1503.67 want 1453.67
       title differs from product-content.json
  AJNT59      Oval Cut Lab-Grown Diamond Station Necklace
       40 wrong price — 925 Sterling Silver 16 in: 436.72 want 386.72
       title differs from product-content.json
  AJNT60      Solara 2.09ct Round Lab-Grown Diamond Station 
       40 wrong price — 925 Sterling Silver 16 in: 231.04 want 181.04
       title differs from product-content.json
  AJNT61      2.09 CTW Heart Shape Lab Grown Diamond Pendant
       40 wrong price — 925 Sterling Silver 16 in: 244.68 want 194.68
       title differs from product-content.json
  AJNT62      2 CTW Asscher Cut Lab-Grown Diamond Solitaire 
       40 wrong price — 925 Sterling Silver 16 in: 244.68 want 194.68
  AJNT63      2 CTW Marquise Cut Lab-Grown Diamond Station N
       40 wrong price — 925 Sterling Silver 16 in: 724.94 want 674.94
  AJNT64      Emerald Cut Lab-Grown Diamond Station Necklace
       40 wrong price — 925 Sterling Silver 16 in: 436.72 want 386.72
       title differs from product-content.json
  AJNT65      Aveline 15ct Marquise-Cu Lab-Grown Diamond Ten
       40 wrong price — 925 Sterling Silver 16 in: 3711.57 want 3661.57
       title differs from product-content.json
  AJNT68      Round Brilliant Lab-Grown Diamond Bezel Solita
       40 wrong price — 925 Sterling Silver 16 in: 212.8 want 162.80
       title differs from product-content.json
  AJPD78      Aveline 2.36ct Oval Lab Diamond Pendant Neckla
       40 wrong price — 925 Sterling Silver 16 in: 261.62 want 211.62
       title differs from product-content.json
  AJPD201     1.16 CTW Oval Cut Lab-Grown Diamond Halo Penda
       40 wrong price — 925 Sterling Silver 16 in: 450.5 want 400.50
  AJPD202     2 CTW Emerald Cut Lab-Grown Diamond Solitaire 
       40 wrong price — 925 Sterling Silver 16 in: 692.36 want 642.36
  AJPD203     2.16 CTW Emerald Cut Lab-Grown Diamond Two Sto
       40 wrong price — 925 Sterling Silver 16 in: 714.91 want 664.91
  AJPD236     7.62 CTW Round & Emerald Cut Lab-Grown Diamond
       40 wrong price — 925 Sterling Silver 16 in: 2260.03 want 2210.03
  AJPD243     0.5 CTW Round Brilliant Lab-Grown Diamond Infi
       40 wrong price — 925 Sterling Silver 16 in: 235.12 want 185.12
  AJPD262     Engraved Initial Tag Pendant Necklace
       40 wrong price — 925 Sterling Silver 16 in: 148.81 want 98.81
       no spec list
  AJPD263     Initial & Round Brilliant Lab-Grown Diamond St
       40 wrong price — 925 Sterling Silver 16 in: 263.39 want 213.39
       title differs from product-content.json
  AJPD278     1 CTW Emerald & Pear Cut Lab-Grown Diamond Toi
       40 wrong price — 925 Sterling Silver 16 in: 321.43 want 271.43
  AJPD279     2 CTW Pear & Radiant Cut Lab-Grown Diamond Toi
       40 wrong price — 925 Sterling Silver 16 in: 694.86 want 644.86
  AJPD294     Oval, Emerald & Pear Cut Lab-Grown Diamond Clu
       40 wrong price — 925 Sterling Silver 16 in: 1262.53 want 1212.53
       title differs from product-content.json
  AJPD295     Multi-Cut Lab-Grown Diamond Bar Necklace
       40 wrong price — 925 Sterling Silver 16 in: 316.42 want 266.42
       title differs from product-content.json
       no spec list
  AJPD301     5.46 CTW Emerald Cut Lab-Grown Diamond Pendant
       40 wrong price — 925 Sterling Silver 16 in: 1615.91 want 1565.91
  AJPD352     1 CTW Asscher Cut Lab-Grown Diamond Solitaire 
       40 wrong price — 925 Sterling Silver 16 in: 424.19 want 374.19
  AJPD361     0.5 CTW Round Brilliant Lab-Grown Diamond Beze
       40 wrong price — 925 Sterling Silver 16 in: 214.29 want 164.29
  AJPD370     1.11 CTW Oval Cut Lab-Grown Diamond Cross Pend
       40 wrong price — 925 Sterling Silver 16 in: 369.05 want 319.05
  AJPD403     1.35 CTW Emerald Cut Lab-Grown Diamond Halo Pe
       40 wrong price — 925 Sterling Silver 16 in: 485.59 want 435.59
  AJPD404     1.41 CTW Oval Cut Lab-Grown Diamond Halo Penda
       40 wrong price — 925 Sterling Silver 16 in: 490.6 want 440.60
  AJPD405     1.43 CTW Marquise Cut Lab-Grown Diamond Halo S
       40 wrong price — 925 Sterling Silver 16 in: 498.12 want 448.12
  AJPD408     2 CTW Pear & Emerald Cut Lab-Grown Diamond Toi
       40 wrong price — 925 Sterling Silver 16 in: 701.13 want 651.13
  AJPD409     1.16 CTW Emerald Cut Lab-Grown Diamond Halo Pe
       40 wrong price — 925 Sterling Silver 16 in: 446.74 want 396.74
  AJPD410     1.17 CTW Heart Cut Lab-Grown Diamond Halo Pend
       40 wrong price — 925 Sterling Silver 16 in: 446.74 want 396.74
  AJPD411     1.2 CTW Marquise Cut Lab-Grown Diamond Halo Pe
       40 wrong price — 925 Sterling Silver 16 in: 453.01 want 403.01
  AJPD412     1.19 CTW Pear Cut Lab-Grown Diamond Halo Penda
       40 wrong price — 925 Sterling Silver 16 in: 449.25 want 399.25
  AJPD413     1.17 CTW Round Brilliant Lab-Grown Diamond Hal
       40 wrong price — 925 Sterling Silver 16 in: 446.74 want 396.74
  AJPD439     Pear Cut Lab-Grown Diamond Graduated Smile Nec
       40 wrong price — 925 Sterling Silver 16 in: 529.45 want 479.45
       title differs from product-content.json
  AJPD442     Heart Cut Lab-Grown Diamond Clover Pendant Nec
       40 wrong price — 925 Sterling Silver 16 in: 1014.41 want 964.41
       title differs from product-content.json
  AJPD446     Pear Cut Green Gemstone & Lab-Grown Diamond To
       40 wrong price — 925 Sterling Silver 16 in: 308.04 want 258.04
       title differs from product-content.json
  AJPD447     Pear Cut Lab-Grown Diamond Key Pendant Necklac
       40 wrong price — 925 Sterling Silver 16 in: 318.92 want 268.92
       title differs from product-content.json
  AJPD448     Marquise Cut Blue Gemstone Evil Eye Heart Pend
       40 wrong price — 925 Sterling Silver 16 in: 312.5 want 262.50
       title differs from product-content.json
  AJPD451     Round Brilliant Lab-Grown Diamond Cross Pendan
       40 wrong price — 925 Sterling Silver 16 in: 412.91 want 362.91
       title differs from product-content.json
  AJPD455     Round Brilliant Lab-Grown Diamond Solitaire Pe
       40 wrong price — 925 Sterling Silver 16 in: 647.24 want 597.24
       title differs from product-content.json
  AJPD456     Marquise Cut Lab-Grown Diamond Bezel Pendant N
       40 wrong price — 925 Sterling Silver 16 in: 1026.94 want 976.94
       title differs from product-content.json
  AJPD459     Pear & Round Cut Lab-Grown Diamond Cross Penda
       40 wrong price — 925 Sterling Silver 16 in: 255.95 want 205.95
       title differs from product-content.json
  AJPDP85     Pear Cut Lab-Grown Diamond Star Pendant Neckla
       40 wrong price — 925 Sterling Silver 16 in: 896.62 want 846.62
       title differs from product-content.json
  BR24435     Multi-Gemstone Station Bracelet in Gold
       no price in price-list.csv
       no spec list
       status DRAFT
       not on the Online Store

Written to verify-2026-09-30-04-45-51.csv

exit=0

